// Jest Snapshot v1, https://goo.gl/fbAQLP

exports[`HorizontalMenu renders correctly 1`] = `
Array [
  <h2>
    Heading title
  </h2>,
  <div
    className=""
  >
    <div
      style={Object {}}
    />
    <div
      className="ui sticky"
    >
      <div
        className="ui menu"
      />
    </div>
  </div>,
]
`;

exports[`HorizontalMenu renders correctly 2`] = `
Array [
  <h2>
    Heading title
  </h2>,
  <div
    className=""
  >
    <div
      style={Object {}}
    />
    <div
      className="ui sticky"
    >
      <div
        className="ui menu"
      />
    </div>
  </div>,
]
`;
